// Jest Snapshot v1, https://goo.gl/fbAQLP

exports[`Home component Landing page matches the current snapshot 1`] = `
Array [
  <div
    className="landing-container main-container"
    style={
      Object {
        "display": "none",
      }
    }
  >
    <div
      className="landing-top-section"
    >
      <img
        alt="litterai-logo-white"
        className="landing-logo"
        data-testid="litterai-logo"
        onLoad={[Function]}
        src="Logo_large_white.png"
      />
      <div
        className="landing-text"
      >
        <h1>
          Welcome to LitterSort
        </h1>
        <p>
          With just a photo, sort your garbage and save the world.
        </p>
      </div>
      <div
        className="landing-buttons lower-buttons"
      >
        <a
          href="/capture"
          onClick={[Function]}
        >
          <button
            className="landing-capture-button"
            type="button"
          >
            Capture Picture
          </button>
        </a>
      </div>
    </div>
    <div
      className="landing-bottom-section"
    >
      <div
        className="landing-buttons lower-buttons"
      >
        <p
          className="landing-signup-description"
        >
          Create an account to track your statistics and compete against others!
        </p>
        <a
          href="/register"
          onClick={[Function]}
        >
          <button
            className="landing-secondary-button"
            type="button"
          >
            Sign Up
          </button>
        </a>
        <div
          className="landing-login-text"
        >
          <p>
            Already have an account?
          </p>
          <a
            href="/login"
            onClick={[Function]}
          >
            Log in
          </a>
        </div>
      </div>
    </div>
  </div>,
  <div
    className="landing-full-bg"
  />,
]
`;
