// Jest Snapshot v1, https://goo.gl/fbAQLP

exports[`Leaderboard component Leaderboard matches the current snapshot 1`] = `
<div
  className="lb-container main-container"
>
  <h1>
    Leaderboard
  </h1>
  <div
    className="lb-user-stats"
  >
    <h3>
      Your rank: 
      3
    </h3>
    <h3>
      total
      : 
      23423
    </h3>
  </div>
  <table
    className="lb-table lb-table-user"
    data-testid="lb-table"
  >
    <thead>
      <tr
        className="lb-header"
      >
        <th
          scope="col"
        >
          Rank
        </th>
        <th
          scope="col"
        >
          Name
        </th>
        <th
          scope="col"
        >
          <div>
            <div
              className=" css-b62m3t-container"
              onKeyDown={[Function]}
            >
              <span
                className="css-1f43avz-a11yText-A11yText"
                id="react-select-2-live-region"
              />
              <span
                aria-atomic="false"
                aria-live="polite"
                aria-relevant="additions text"
                className="css-1f43avz-a11yText-A11yText"
                role="log"
              />
              <div
                className=" css-jc6pza-control"
                onMouseDown={[Function]}
                onTouchEnd={[Function]}
              >
                <div
                  className=" css-1fdsijx-ValueContainer"
                >
                  <div
                    className=" css-ayhps2-singleValue"
                  >
                    Total
                  </div>
                  <input
                    aria-activedescendant=""
                    aria-autocomplete="list"
                    aria-expanded={false}
                    aria-haspopup={true}
                    aria-readonly={true}
                    className="css-mohuvp-dummyInput-DummyInput"
                    disabled={false}
                    id="react-select-2-input"
                    inputMode="none"
                    onBlur={[Function]}
                    onChange={[Function]}
                    onFocus={[Function]}
                    role="combobox"
                    tabIndex={0}
                    value=""
                  />
                </div>
                <div
                  className=" css-1hb7zxy-IndicatorsContainer"
                >
                  <span
                    className=" css-1u9des2-indicatorSeparator"
                  />
                  <div
                    aria-hidden="true"
                    className=" css-1s7cnte-indicatorContainer"
                    onMouseDown={[Function]}
                    onTouchEnd={[Function]}
                  >
                    <svg
                      aria-hidden="true"
                      className="css-tj5bde-Svg"
                      focusable="false"
                      height={20}
                      viewBox="0 0 20 20"
                      width={20}
                    >
                      <path
                        d="M4.516 7.548c0.436-0.446 1.043-0.481 1.576 0l3.908 3.747 3.908-3.747c0.533-0.481 1.141-0.446 1.574 0 0.436 0.445 0.408 1.197 0 1.615-0.406 0.418-4.695 4.502-4.695 4.502-0.217 0.223-0.502 0.335-0.787 0.335s-0.57-0.112-0.789-0.335c0 0-4.287-4.084-4.695-4.502s-0.436-1.17 0-1.615z"
                      />
                    </svg>
                  </div>
                </div>
              </div>
            </div>
          </div>
        </th>
      </tr>
    </thead>
    <tbody>
      <tr>
        <td>
          1
        </td>
        <td
          className="lb-name"
        >
          briana30
        </td>
        <td />
      </tr>
      <tr>
        <td>
          2
        </td>
        <td
          className="lb-name"
        >
          forrest_windler53
        </td>
        <td />
      </tr>
      <tr>
        <td>
          3
        </td>
        <td
          className="lb-name"
        >
          alvera.kub
        </td>
        <td />
      </tr>
      <tr>
        <td>
          4
        </td>
        <td
          className="lb-name"
        >
          alanna98
        </td>
        <td />
      </tr>
      <tr>
        <td>
          5
        </td>
        <td
          className="lb-name"
        >
          amparo.paucek
        </td>
        <td />
      </tr>
      <tr>
        <td>
          6
        </td>
        <td
          className="lb-name"
        >
          granville.nicolas
        </td>
        <td />
      </tr>
      <tr>
        <td>
          7
        </td>
        <td
          className="lb-name"
        >
          sigrid.wilderman9
        </td>
        <td />
      </tr>
      <tr>
        <td>
          8
        </td>
        <td
          className="lb-name"
        >
          shemar81
        </td>
        <td />
      </tr>
      <tr>
        <td>
          9
        </td>
        <td
          className="lb-name"
        >
          rocio.hudson
        </td>
        <td />
      </tr>
      <tr>
        <td>
          10
        </td>
        <td
          className="lb-name"
        >
          favian88
        </td>
        <td />
      </tr>
    </tbody>
  </table>
</div>
`;
