// Jest Snapshot v1, https://goo.gl/fbAQLP

exports[`Successful submission page Successful submission page matches the current snapshot 1`] = `
<div
  className="category-container main-container"
>
  <div
    className="category-wrapper"
  >
    <h4>
      Recycle
    </h4>
    <svg
      className="category-icon"
      data-testid="plastic-icon"
      fill="none"
      height="1em"
      stroke="currentColor"
      strokeLinecap="round"
      strokeLinejoin="round"
      strokeWidth="2"
      style={
        Object {
          "color": undefined,
        }
      }
      viewBox="0 0 24 24"
      width="1em"
      xmlns="http://www.w3.org/2000/svg"
    >
      <path
        d="M0 0h24v24H0z"
        fill="none"
        stroke="none"
      />
      <path
        d="M10 5h4v-2a1 1 0 0 0 -1 -1h-2a1 1 0 0 0 -1 1v2z"
      />
      <path
        d="M14 3.5c0 1.626 .507 3.212 1.45 4.537l.05 .07a8.093 8.093 0 0 1 1.5 4.694v6.199a2 2 0 0 1 -2 2h-6a2 2 0 0 1 -2 -2v-6.2c0 -1.682 .524 -3.322 1.5 -4.693l.05 -.07a7.823 7.823 0 0 0 1.45 -4.537"
      />
      <path
        d="M7 14.803a2.4 2.4 0 0 0 1 -.803a2.4 2.4 0 0 1 2 -1a2.4 2.4 0 0 1 2 1a2.4 2.4 0 0 0 2 1a2.4 2.4 0 0 0 2 -1a2.4 2.4 0 0 1 1 -.805"
      />
    </svg>
    <h1>
      plastic
    </h1>
    <div
      className="category-short-desc"
    >
      <p>
        Not all plastic is recyclable, even if you see the chasing arrows sign!
      </p>
      <p>
        If the plastic sign has a number #1 or #2 inside of the chasing arrows, it is most likely recyclable.
      </p>
    </div>
    <div
      className="category-buttons lower-buttons"
    >
      <button
        data-testid="modal-learn-more"
        onClick={[Function]}
        type="button"
      >
        Learn More
      </button>
      <a
        href="/capture"
        onClick={[Function]}
      >
        <button
          type="button"
        >
          Capture photo
        </button>
      </a>
    </div>
  </div>
</div>
`;
