// Jest Snapshot v1, https://goo.gl/fbAQLP

exports[`First snapshot test 1`] = `
<div>
  <h1>
    Welcome to Litter.ai
  </h1>
  <p>
    With just a click, sort your garbage and save the world
  </p>
</div>
`;

exports[`Leaderboard component Leaderboard matches the current snapshot 1`] = `
<div
  className="lb-container"
>
  <div
    className="lb-user-stats"
  >
    <h3>
      Your rank: 9999
    </h3>
    <h3>
      Total: 99999999
    </h3>
  </div>
  <table
    className="lb-table"
  >
    <thead>
      <tr
        className="lb-header"
      >
        <th
          scope="col"
        >
          Rank
        </th>
        <th
          scope="col"
        >
          Name
        </th>
        <th
          scope="col"
        >
          <div
            className=" css-b62m3t-container"
            onKeyDown={[Function]}
          >
            <span
              className="css-1f43avz-a11yText-A11yText"
              id="react-select-2-live-region"
            />
            <span
              aria-atomic="false"
              aria-live="polite"
              aria-relevant="additions text"
              className="css-1f43avz-a11yText-A11yText"
            />
            <div
              className=" css-jc6pza-control"
              onMouseDown={[Function]}
              onTouchEnd={[Function]}
            >
              <div
                className=" css-1fdsijx-ValueContainer"
              >
                <div
                  className=" css-ayhps2-singleValue"
                >
                  Total
                </div>
                <input
                  aria-autocomplete="list"
                  aria-expanded={false}
                  aria-haspopup={true}
                  aria-readonly={true}
                  className="css-mohuvp-dummyInput-DummyInput"
                  disabled={false}
                  id="react-select-2-input"
                  inputMode="none"
                  onBlur={[Function]}
                  onChange={[Function]}
                  onFocus={[Function]}
                  role="combobox"
                  tabIndex={0}
                  value=""
                />
              </div>
              <div
                className=" css-1hb7zxy-IndicatorsContainer"
              >
                <span
                  className=" css-1u9des2-indicatorSeparator"
                />
                <div
                  aria-hidden="true"
                  className=" css-1s7cnte-indicatorContainer"
                  onMouseDown={[Function]}
                  onTouchEnd={[Function]}
                >
                  <svg
                    aria-hidden="true"
                    className="css-tj5bde-Svg"
                    focusable="false"
                    height={20}
                    viewBox="0 0 20 20"
                    width={20}
                  >
                    <path
                      d="M4.516 7.548c0.436-0.446 1.043-0.481 1.576 0l3.908 3.747 3.908-3.747c0.533-0.481 1.141-0.446 1.574 0 0.436 0.445 0.408 1.197 0 1.615-0.406 0.418-4.695 4.502-4.695 4.502-0.217 0.223-0.502 0.335-0.787 0.335s-0.57-0.112-0.789-0.335c0 0-4.287-4.084-4.695-4.502s-0.436-1.17 0-1.615z"
                    />
                  </svg>
                </div>
              </div>
            </div>
          </div>
        </th>
      </tr>
    </thead>
    <tbody />
  </table>
</div>
`;
